I'm sorry, but errors were detected in your script. Please correct the
errors listed below, and try again.


File "game/script.rpy", line 16: Line is indented, but the preceding ATL statement does not expect a block. Please check this line's indentation.
    rotate 0
    ^

Ren'Py Version: Ren'Py 7.4.2.1292
Fri Mar 12 20:09:14 2021
